exports[`test renders correctly 1`] = `
<View
  style={
    Array [
      Object {
        "flex": 1,
        "overflow": "hidden",
      },
      undefined,
    ]
  }>
  <View
    onMoveShouldSetResponder={[Function]}
    onMoveShouldSetResponderCapture={[Function]}
    onResponderEnd={[Function]}
    onResponderGrant={[Function]}
    onResponderMove={[Function]}
    onResponderReject={[Function]}
    onResponderRelease={[Function]}
    onResponderStart={[Function]}
    onResponderTerminate={[Function]}
    onResponderTerminationRequest={[Function]}
    onStartShouldSetResponder={[Function]}
    onStartShouldSetResponderCapture={[Function]}
    onTouchStart={[Function]}
    style={
      Object {
        "backgroundColor": "transparent",
        "flex": 1,
        "overflow": "hidden",
      }
    }>
    <View
      onStartShouldSetResponderCapture={[Function]}
      pointerEvents="auto"
      style={
        Array [
          Object {
            "bottom": 0,
            "left": 0,
            "overflow": "hidden",
            "position": "absolute",
            "right": 0,
            "top": 0,
          },
          Object {
            "bottom": 0,
            "left": 0,
            "position": "absolute",
            "right": 0,
            "top": 0,
          },
          null,
        ]
      }>
      <View
        style={
          Object {
            "flex": 1,
            "justifyContent": "space-between",
            "margin": 16,
          }
        }>
        <View
          style={
            Object {
              "padding": 10,
            }
          }>
          <TextInput
            onChangeText={[Function]}
            placeholder="Search for a class here!"
            style={
              Object {
                "height": 40,
              }
            } />
        </View>
        <View
          style={
            Object {
              "backgroundColor": "teal",
              "borderRadius": 6,
              "flex": 1,
              "marginBottom": 10,
              "padding": 10,
            }
          }>
          <Text
            accessible={true}
            allowFontScaling={true}
            ellipsizeMode="tail"
            style={
              Object {
                "fontSize": 18,
                "marginBottom": 5,
              }
            }>
            Avaliable Classes
          </Text>
          <ScrollView />
        </View>
        <View
          style={
            Object {
              "backgroundColor": "teal",
              "borderRadius": 6,
              "flex": 1,
              "marginBottom": 10,
              "padding": 10,
            }
          }>
          <Text
            accessible={true}
            allowFontScaling={true}
            ellipsizeMode="tail"
            style={
              Object {
                "fontSize": 18,
                "marginBottom": 5,
              }
            }>
            Added Classes
          </Text>
          <ScrollView />
        </View>
        <View
          style={
            Object {
              "flexDirection": "row",
              "justifyContent": "flex-end",
            }
          }>
          <View
            accessibilityComponentType={undefined}
            accessibilityLabel={undefined}
            accessibilityTraits={undefined}
            accessible={true}
            hitSlop={undefined}
            onLayout={undefined}
            onResponderGrant={[Function]}
            onResponderMove={[Function]}
            onResponderRelease={[Function]}
            onResponderTerminate={[Function]}
            onResponderTerminationRequest={[Function]}
            onStartShouldSetResponder={[Function]}
            style={
              Array [
                Object {
                  "backgroundColor": "transparent",
                },
                Object {
                  "backgroundColor": "blue",
                },
              ]
            }
            testID={undefined}>
            <Text
              accessible={true}
              allowFontScaling={true}
              ellipsizeMode="tail"
              style={
                Object {
                  "color": "white",
                }
              }>
               Next 
            </Text>
          </View>
        </View>
      </View>
    </View>
  </View>
</View>
`;
